../Core/Src/main.c:79:6:CAN_GeneralSetup	56	static
../Core/Src/main.c:105:6:NextDataSet	4	static
../Core/Src/main.c:131:6:NEXTION_SendString	72	static
../Core/Src/main.c:139:6:NEXTION_SendInt	72	static
../Core/Src/main.c:147:6:nexSendAllData	8	static
../Core/Src/main.c:160:6:HAL_CAN_RxFifo0MsgPendingCallback	16	static
../Core/Src/main.c:180:5:main	8	static
../Core/Src/main.c:239:6:SystemClock_Config	88	static
../Core/Src/main.c:285:13:MX_CAN1_Init	8	static
../Core/Src/main.c:322:13:MX_USART3_UART_Init	8	static
../Core/Src/main.c:355:13:MX_GPIO_Init	48	static
../Core/Src/main.c:391:6:Error_Handler	4	static,ignoring_inline_asm
